node.exe : [baseline-browser-mapping] The data in this module is over two 
months old.  To ensure accurate Baseline data, please update: `npm i 
baseline-browser-mapping@latest -D`
At C:\Users\Dev\AppData\Roaming\npm\pnpm.ps1:24 char:5
+     & "node$exe"  "$basedir/node_modules/pnpm/bin/pnpm.mjs" $args
+     ~~~~~~~~~~~~~~~~~~~~~~~~~~~~~~~~~~~~~~~~~~~~~~~~~~~~~~~~~~~~~
    + CategoryInfo          : NotSpecified: ([baseline-brows...ping@latest -D` 
   :String) [], RemoteException
    + FullyQualifiedErrorId : NativeCommandError
 
   Γû▓ Next.js 16.0.10 (Turbopack)
   - Environments: .env.local, .env

   Creating an optimized production build ...
[baseline-browser-mapping] The data in this module is over two months old.  To 
ensure accurate Baseline data, please update: `npm i 
baseline-browser-mapping@latest -D`
[baseline-browser-mapping] The data in this module is over two months old.  To 
ensure accurate Baseline data, please update: `npm i 
baseline-browser-mapping@latest -D`
 Γ£ô Compiled successfully in 49s
   Running TypeScript ...
   Collecting page data using 3 workers ...
[baseline-browser-mapping] The data in this module is over two months old.  To 
ensure accurate Baseline data, please update: `npm i 
baseline-browser-mapping@latest -D`
[baseline-browser-mapping] The data in this module is over two months old.  To 
ensure accurate Baseline data, please update: `npm i 
baseline-browser-mapping@latest -D`
[baseline-browser-mapping] The data in this module is over two months old.  To 
ensure accurate Baseline data, please update: `npm i 
baseline-browser-mapping@latest -D`
   Generating static pages using 3 workers (0/18) ...
[baseline-browser-mapping] The data in this module is over two months old.  To 
ensure accurate Baseline data, please update: `npm i 
baseline-browser-mapping@latest -D`
   Generating static pages using 3 workers (4/18) 
   Generating static pages using 3 workers (8/18) 
   Generating static pages using 3 workers (13/18) 
 Γ£ô Generating static pages using 3 workers (18/18) in 2.7s
   Finalizing page optimization ...

Route (app)
Γöî ╞Æ /
Γö£ Γùï /_not-found
Γö£ ╞Æ /admin
Γö£ ╞Æ /admin/attendance
Γö£ ╞Æ /admin/categories
Γö£ ╞Æ /admin/categories/[id]
Γö£ ╞Æ /admin/classes
Γö£ ╞Æ /admin/classes/[id]
Γö£ ╞Æ /admin/classes/[id]/edit
Γö£ ╞Æ /admin/classes/new
Γö£ ╞Æ /admin/courses
Γö£ ╞Æ /admin/courses/[id]
Γö£ ╞Æ /admin/courses/[id]/edit
Γö£ ╞Æ /admin/courses/new
Γö£ ╞Æ /admin/inventory
Γö£ ╞Æ /admin/inventory/[labId]
Γö£ ╞Æ /admin/inventory/[labId]/add
Γö£ ╞Æ /admin/inventory/[labId]/assets/[assetId]
Γö£ ╞Æ /admin/lessons
Γö£ ╞Æ /admin/lessons/[id]
Γö£ ╞Æ /admin/modules
Γö£ ╞Æ /admin/modules/[id]
Γö£ ╞Æ /admin/notifications
Γö£ ╞Æ /admin/payments
Γö£ ╞Æ /admin/reports
Γö£ ╞Æ /admin/reports/[id]
Γö£ ╞Æ /admin/schedules
Γö£ ╞Æ /admin/schedules/new
Γö£ ╞Æ /admin/students
Γö£ ╞Æ /admin/students/[id]
Γö£ ╞Æ /admin/students/[id]/edit
Γö£ ╞Æ /admin/students/new
Γö£ ╞Æ /admin/teachers
Γö£ ╞Æ /admin/teachers/[id]
Γö£ ╞Æ /admin/teachers/[id]/edit
Γö£ ╞Æ /admin/teachers/new
Γö£ ╞Æ /api/admin/delete-class
Γö£ ╞Æ /api/admin/delete-teacher
Γö£ ╞Æ /api/auth/sync-user
Γö£ ╞Æ /api/reports
Γö£ ╞Æ /api/webhooks/clerk
Γö£ ╞Æ /sign-in/[[...sign-in]]
Γö£ ╞Æ /sign-up/[[...sign-up]]
Γö£ Γùï /student
Γö£ ╞Æ /super-admin
Γö£ ╞Æ /super-admin/admins
Γö£ ╞Æ /super-admin/admins/[id]
Γö£ ╞Æ /super-admin/admins/new
Γö£ ╞Æ /super-admin/campuses
Γö£ ╞Æ /super-admin/campuses/[id]
Γö£ Γùï /super-admin/campuses/new
Γö£ ╞Æ /super-admin/courses
Γö£ ╞Æ /super-admin/inventory
Γö£ ╞Æ /super-admin/payments
Γö£ ╞Æ /super-admin/reports
Γö£ ╞Æ /super-admin/students
Γö£ ╞Æ /super-admin/teachers
Γö£ Γùï /teacher
Γöö Γùï /unauthorized


╞Æ Proxy (Middleware)

Γùï  (Static)   prerendered as static content
╞Æ  (Dynamic)  server-rendered on demand

